MPASM 02.80 Released             LAB10.ASM   12-18-2003  14:05:58         PAGE  1


LOC  OBJECT CODE     LINE SOURCE TEXT
  VALUE

                      00001 ;Программа №3 по ТС А и У
Error[105]  : Cannot open file (Include File "PIC16F84.inc" not found)
                      00002 #include<PIC16F84.inc>
Warning[205]: Found directive in column 1. (list)
                      00003 list p=16f84
                      00004 
  0000000C            00005 PROMRESULT EQU 0Ch
  0000000D            00006 PROMRESULT1 EQU 0Dh
                      00007 
Warning[203]: Found opcode in column 1. (MOVLW)
0000   301F           00008 MOVLW B'11111'
Warning[203]: Found opcode in column 1. (TRIS)
Warning[224]: Use of this instruction is not recommended.
Error[113]  : Symbol not previously defined (PORTA)
Error[126]  : Argument out of range (0000 not between 0005 and 0007)
0001   0060           00009 TRIS PORTA
Warning[203]: Found opcode in column 1. (OPTION)
Warning[224]: Use of this instruction is not recommended.
0002   0062           00010 OPTION
Warning[203]: Found opcode in column 1. (MOVLW)
0003   3000           00011 MOVLW 0
Warning[203]: Found opcode in column 1. (TRIS)
Warning[224]: Use of this instruction is not recommended.
Error[113]  : Symbol not previously defined (PORTB)
Error[126]  : Argument out of range (0000 not between 0005 and 0007)
0004   0060           00012 TRIS PORTB
Warning[203]: Found opcode in column 1. (OPTION)
Warning[224]: Use of this instruction is not recommended.
0005   0062           00013 OPTION
                      00014 
0006                  00015 BEGIN
                      00016 
Warning[203]: Found opcode in column 1. (CLRF)
0006   018C           00017 CLRF PROMRESULT
Warning[203]: Found opcode in column 1. (CLRF)
0007   018D           00018 CLRF PROMRESULT1
                      00019 ;CLRF PORTA
                      00020 ;CLRF PORTB
Warning[203]: Found opcode in column 1. (MOVLW)
0008   301E           00021 MOVLW B'11110'
Warning[203]: Found opcode in column 1. (SUBWF)
Error[113]  : Symbol not previously defined (PORTA)
0009   0200           00022 SUBWF PORTA,0
Warning[203]: Found opcode in column 1. (BTFSC)
Error[113]  : Symbol not previously defined (STATUS)
Error[113]  : Symbol not previously defined (Z)
000A   1800           00023 BTFSC STATUS,Z
Warning[203]: Found opcode in column 1. (CALL)
000B   2011           00024 CALL PODPR1
                      00025 
Warning[203]: Found opcode in column 1. (MOVLW)
000C   301D           00026 MOVLW B'11101'
Warning[203]: Found opcode in column 1. (SUBWF)
MPASM 02.80 Released             LAB10.ASM   12-18-2003  14:05:58         PAGE  2


LOC  OBJECT CODE     LINE SOURCE TEXT
  VALUE

Error[113]  : Symbol not previously defined (PORTA)
000D   0200           00027 SUBWF PORTA,0
Warning[203]: Found opcode in column 1. (BTFSC)
Error[113]  : Symbol not previously defined (STATUS)
Error[113]  : Symbol not previously defined (Z)
000E   1800           00028 BTFSC STATUS,Z
Warning[203]: Found opcode in column 1. (CALL)
000F   2011           00029 CALL PODPR1
Warning[203]: Found opcode in column 1. (GOTO)
0010   2806           00030 GOTO BEGIN
                      00031 
0011                  00032 PODPR1
0011                  00033 N
Warning[203]: Found opcode in column 1. (MOVLW)
0011   3000           00034 MOVLW D'0'
Warning[203]: Found opcode in column 1. (MOVWF)
Error[113]  : Symbol not previously defined (PORTB)
0012   0080           00035 MOVWF PORTB 
Warning[203]: Found opcode in column 1. (MOVLW)
0013   3081           00036 MOVLW D'129'
Warning[203]: Found opcode in column 1. (CALL)
Error[113]  : Symbol not previously defined (VSPPODPR1)
0014   2000           00037 CALL VSPPODPR1
Warning[203]: Found opcode in column 1. (MOVLW)
0015   30C3           00038 MOVLW D'195'
Warning[203]: Found opcode in column 1. (CALL)
Error[113]  : Symbol not previously defined (VSPPODPR1)
0016   2000           00039 CALL VSPPODPR1
Warning[203]: Found opcode in column 1. (MOVLW)
0017   30E7           00040 MOVLW D'231'
Warning[203]: Found opcode in column 1. (CALL)
Error[113]  : Symbol not previously defined (VSPPODPR1)
0018   2000           00041 CALL VSPPODPR1
Warning[203]: Found opcode in column 1. (MOVLW)
0019   30FF           00042 MOVLW D'255'
Warning[203]: Found opcode in column 1. (CALL)
Error[113]  : Symbol not previously defined (VSPPODPR1)
001A   2000           00043 CALL VSPPODPR1
Warning[203]: Found opcode in column 1. (MOVLW)
001B   30E7           00044 MOVLW D'231'
Warning[203]: Found opcode in column 1. (CALL)
Error[113]  : Symbol not previously defined (VSPPODPR1)
001C   2000           00045 CALL VSPPODPR1
Warning[203]: Found opcode in column 1. (MOVLW)
001D   30C3           00046 MOVLW D'195'
Warning[203]: Found opcode in column 1. (CALL)
Error[113]  : Symbol not previously defined (VSPPODPR1)
001E   2000           00047 CALL VSPPODPR1
Warning[203]: Found opcode in column 1. (MOVLW)
001F   3081           00048 MOVLW D'129'
Warning[203]: Found opcode in column 1. (CALL)
Error[113]  : Symbol not previously defined (VSPPODPR1)
0020   2000           00049 CALL VSPPODPR1
MPASM 02.80 Released             LAB10.ASM   12-18-2003  14:05:58         PAGE  3


LOC  OBJECT CODE     LINE SOURCE TEXT
  VALUE

Warning[203]: Found opcode in column 1. (MOVLW)
0021   3000           00050 MOVLW D'0'
Warning[203]: Found opcode in column 1. (CALL)
Error[113]  : Symbol not previously defined (VSPPODPR1)
0022   2000           00051 CALL VSPPODPR1
Warning[203]: Found opcode in column 1. (GOTO)
0023   2811           00052 GOTO N
Warning[203]: Found opcode in column 1. (RETURN)
0024   0008           00053 RETURN
                      00054 
0025                  00055 PODPR2
0025                  00056 M
Warning[203]: Found opcode in column 1. (MOVLW)
0025   3000           00057 MOVLW D'0'
Warning[203]: Found opcode in column 1. (MOVWF)
Error[113]  : Symbol not previously defined (PORTB)
0026   0080           00058 MOVWF PORTB 
Warning[203]: Found opcode in column 1. (MOVLW)
0027   3081           00059 MOVLW D'129'
Warning[203]: Found opcode in column 1. (CALL)
Error[113]  : Symbol not previously defined (VSPPODPR2)
0028   2000           00060 CALL VSPPODPR2
Warning[203]: Found opcode in column 1. (MOVLW)
0029   3042           00061 MOVLW D'66'
Warning[203]: Found opcode in column 1. (CALL)
Error[113]  : Symbol not previously defined (VSPPODPR2)
002A   2000           00062 CALL VSPPODPR2
Warning[203]: Found opcode in column 1. (MOVLW)
002B   3024           00063 MOVLW D'36'
Warning[203]: Found opcode in column 1. (CALL)
Error[113]  : Symbol not previously defined (VSPPODPR2)
002C   2000           00064 CALL VSPPODPR2
Warning[203]: Found opcode in column 1. (MOVLW)
002D   3018           00065 MOVLW D'24'
Warning[203]: Found opcode in column 1. (CALL)
Error[113]  : Symbol not previously defined (VSPPODPR2)
002E   2000           00066 CALL VSPPODPR2
Warning[203]: Found opcode in column 1. (GOTO)
002F   2825           00067 GOTO M
Warning[203]: Found opcode in column 1. (RETURN)
0030   0008           00068 RETURN
                      00069 
0031                  00070 ZADER
Warning[203]: Found opcode in column 1. (MOVLW)
0031   30FF           00071 MOVLW D'255'
Warning[203]: Found opcode in column 1. (MOVWF)
0032   008C           00072 MOVWF PROMRESULT
Warning[203]: Found opcode in column 1. (MOVWF)
0033   008D           00073 MOVWF PROMRESULT1
0034                  00074 P
0034                  00075 W
Warning[203]: Found opcode in column 1. (NOP)
0034   0000           00076 NOP
MPASM 02.80 Released             LAB10.ASM   12-18-2003  14:05:58         PAGE  4


LOC  OBJECT CODE     LINE SOURCE TEXT
  VALUE

Warning[203]: Found opcode in column 1. (DECFSZ)
0035   0B8C           00077 DECFSZ PROMRESULT,1
Warning[203]: Found opcode in column 1. (GOTO)
0036   2834           00078 GOTO W
Warning[203]: Found opcode in column 1. (NOP)
0037   0000           00079 NOP
Warning[203]: Found opcode in column 1. (DECFSZ)
0038   0B8D           00080 DECFSZ PROMRESULT1,1
Warning[203]: Found opcode in column 1. (GOTO)
0039   2834           00081 GOTO P
Warning[203]: Found opcode in column 1. (RETURN)
003A   0008           00082 RETURN
                      00083 
003B                  00084 VSPODPR1
Warning[203]: Found opcode in column 1. (MOVWF)
Error[113]  : Symbol not previously defined (PORTB)
003B   0080           00085 MOVWF PORTB
Warning[203]: Found opcode in column 1. (CALL)
003C   2031           00086 CALL ZADER
Warning[203]: Found opcode in column 1. (MOVLW)
003D   301D           00087 MOVLW B'11101'
Warning[203]: Found opcode in column 1. (SUBWF)
Error[113]  : Symbol not previously defined (PORTA)
003E   0200           00088 SUBWF PORTA,0
Warning[203]: Found opcode in column 1. (BTFSS)
Error[113]  : Symbol not previously defined (STATUS)
Error[113]  : Symbol not previously defined (Z)
003F   1C00           00089 BTFSS STATUS,Z
Warning[203]: Found opcode in column 1. (RETURN)
0040   0008           00090 RETURN
Warning[203]: Found opcode in column 1. (GOTO)
0041   2806           00091 GOTO BEGIN
                      00092 
0042                  00093 VSPODPR2
Warning[203]: Found opcode in column 1. (MOVWF)
Error[113]  : Symbol not previously defined (PORTB)
0042   0080           00094 MOVWF PORTB
Warning[203]: Found opcode in column 1. (CALL)
0043   2031           00095 CALL ZADER
Warning[203]: Found opcode in column 1. (MOVLW)
0044   301E           00096 MOVLW B'11110'
Warning[203]: Found opcode in column 1. (SUBWF)
Error[113]  : Symbol not previously defined (PORTA)
0045   0200           00097 SUBWF PORTA,0
Warning[203]: Found opcode in column 1. (BTFSS)
Error[113]  : Symbol not previously defined (STATUS)
Error[113]  : Symbol not previously defined (Z)
0046   1C00           00098 BTFSS STATUS,Z
Warning[203]: Found opcode in column 1. (RETURN)
0047   0008           00099 RETURN
Warning[203]: Found opcode in column 1. (GOTO)
0048   2806           00100 GOTO BEGIN
                      00101 
MPASM 02.80 Released             LAB10.ASM   12-18-2003  14:05:58         PAGE  5


LOC  OBJECT CODE     LINE SOURCE TEXT
  VALUE

Warning[205]: Found directive in column 1. (END)
                      00102 END
MPASM 02.80 Released             LAB10.ASM   12-18-2003  14:05:58         PAGE  6


SYMBOL TABLE
  LABEL                             VALUE 

BEGIN                             00000006
M                                 00000025
N                                 00000011
P                                 00000034
PODPR1                            00000011
PODPR2                            00000025
PROMRESULT                        0000000C
PROMRESULT1                       0000000D
VSPODPR1                          0000003B
VSPODPR2                          00000042
W                                 00000034
ZADER                             00000031
__16F84                           00000001


MEMORY USAGE MAP ('X' = Used,  '-' = Unused)

0000 : XXXXXXXXXXXXXXXX XXXXXXXXXXXXXXXX XXXXXXXXXXXXXXXX XXXXXXXXXXXXXXXX
0040 : XXXXXXXXX------- ---------------- ---------------- ----------------

All other memory blocks unused.

Program Memory Words Used:    73
Program Memory Words Free:   951


Errors   :    33
Warnings :    79 reported,     0 suppressed
Messages :     0 reported,     0 suppressed

