MPASM 02.80 Released            LAB10.ASM   10-12-2010  21:31:33         PAGE  1


LOC  OBJECT CODE     LINE SOURCE TEXT
  VALUE

                      00001 #include<p16f84.inc>
                      00001         LIST
                      00002 ; P16F84.INC  Standard Header File, Version 2.00    Microchip Technology, Inc.
                      00136         LIST
0000                  00002  ORG 0
0000   2900           00003  GOTO BEGIN
0100                  00004  ORG 100h
0100                  00005 BEGIN
                      00006 
  0000000C            00007 T1 EQU 0Ch
  0000000D            00008 T2 EQU 0Dh
  0000000E            00009 T3 EQU 0Eh
  0000000F            00010 DPULS EQU 0Fh
  00000010            00011 DPAUSE EQU 010h
  00000011            00012 D1 EQU 011h
                      00013 
0100   1283           00014  BCF STATUS,RP0
0101   0186           00015  CLRF PORTB
0102   3000           00016  MOVLW B'00000000'
0103   1683           00017  BSF STATUS,RP0
Message[302]: Register in operand not in bank 0.  Ensure that bank bits are correct.
0104   0086           00018  MOVWF TRISB
                      00019 
0105   1283           00020  BCF STATUS,RP0
0106   0185           00021  CLRF PORTA
0107   301F           00022  MOVLW B'11111'
0108   1683           00023  BSF STATUS,RP0
Message[302]: Register in operand not in bank 0.  Ensure that bank bits are correct.
0109   0085           00024  MOVWF TRISA
010A   1283           00025  BCF STATUS,RP0
                      00026 
010B                  00027 MAIN
010B   0805           00028  MOVF PORTA,0
010C   0091           00029  MOVWF D1
                      00030  
010D   3018           00031  MOVLW B'11000'
010E   0611           00032  XORWF D1,0
010F   1903           00033  BTFSC STATUS,Z
0110   2122           00034  CALL I3P2i5
                      00035 
0111   300C           00036  MOVLW B'01100'
0112   0611           00037  XORWF D1,0
0113   1903           00038  BTFSC STATUS,Z
0114   2128           00039  CALL I10P0i5
                      00040 
0115   3006           00041  MOVLW B'00110'
0116   0611           00042  XORWF D1,0
0117   1903           00043  BTFSC STATUS,Z
0118   212E           00044  CALL I1P5
                      00045 
0119   3003           00046  MOVLW B'00011'
011A   0611           00047  XORWF D1,0
011B   1903           00048  BTFSC STATUS,Z
MPASM 02.80 Released            LAB10.ASM   10-12-2010  21:31:33         PAGE  2


LOC  OBJECT CODE     LINE SOURCE TEXT
  VALUE

011C   2134           00049  CALL I9P5
                      00050 
011D   3011           00051  MOVLW B'10001'
011E   0611           00052  XORWF D1,0
011F   1903           00053  BTFSC STATUS,Z
0120   213A           00054  CALL I2P2
                      00055 
0121   290B           00056  GOTO MAIN
                      00057 
                      00058 
0122                  00059 I3P2i5
0122   3006           00060  MOVLW D'6'
0123   008F           00061  MOVWF DPULS
0124   3005           00062  MOVLW D'5'
0125   0090           00063  MOVWF DPAUSE
0126   2140           00064  CALL PULS
0127   0008           00065  RETURN
                      00066 
0128                  00067 I10P0i5
0128   3014           00068  MOVLW D'20'
0129   008F           00069  MOVWF DPULS
012A   3001           00070  MOVLW D'1'
012B   0090           00071  MOVWF DPAUSE
012C   2140           00072  CALL PULS
012D   0008           00073  RETURN
                      00074 
012E                  00075 I1P5
012E   3002           00076  MOVLW D'2'
012F   008F           00077  MOVWF DPULS
0130   300A           00078  MOVLW D'10'
0131   0090           00079  MOVWF DPAUSE
0132   2140           00080  CALL PULS
0133   0008           00081  RETURN
                      00082 
0134                  00083 I9P5
0134   3012           00084  MOVLW D'18'
0135   008F           00085  MOVWF DPULS
0136   300A           00086  MOVLW D'10'
0137   0090           00087  MOVWF DPAUSE
0138   2140           00088  CALL PULS
0139   0008           00089  RETURN
                      00090 
013A                  00091 I2P2
013A   3004           00092  MOVLW D'4'
013B   008F           00093  MOVWF DPULS
013C   3004           00094  MOVLW D'4'
013D   0090           00095  MOVWF DPAUSE
013E   2140           00096  CALL PULS
013F   0008           00097  RETURN
                      00098 
0140                  00099 PULS
0140   30FF           00100  MOVLW B'11111111'
0141   0086           00101  MOVWF PORTB
MPASM 02.80 Released            LAB10.ASM   10-12-2010  21:31:33         PAGE  3


LOC  OBJECT CODE     LINE SOURCE TEXT
  VALUE

0142                  00102 ONE
0142   214A           00103  CALL PAUSE
0143   0B8F           00104  DECFSZ DPULS,1
0144   2942           00105  GOTO ONE
0145   0186           00106  CLRF PORTB 
0146                  00107 TWO
0146   214A           00108  CALL PAUSE
0147   0B90           00109  DECFSZ DPAUSE,1
0148   2946           00110  GOTO TWO
0149   0008           00111  RETURN
                      00112 
014A                  00113 PAUSE ;~0,5 SEC
014A   300B           00114  MOVLW D'11'
014B   008C           00115  MOVWF T1
014C                  00116 THREE
014C   30FF           00117  MOVLW D'255'
014D   008D           00118  MOVWF T2
014E   008E           00119  MOVWF T3
014F                  00120 FOUR       ;~0,04896125 sec
014F   0B8E           00121  DECFSZ T3,1
0150   294F           00122  GOTO FOUR
0151   0B8D           00123  DECFSZ T2,1
0152   294F           00124  GOTO FOUR
0153   0B8C           00125  DECFSZ T1,1
0154   294C           00126  GOTO THREE
0155   0008           00127  RETURN
                      00128 
                      00129  END
MPASM 02.80 Released            LAB10.ASM   10-12-2010  21:31:33         PAGE  4


SYMBOL TABLE
  LABEL                             VALUE 

BEGIN                             00000100
C                                 00000000
D1                                00000011
DC                                00000001
DPAUSE                            00000010
DPULS                             0000000F
EEADR                             00000009
EECON1                            00000088
EECON2                            00000089
EEDATA                            00000008
EEIE                              00000006
EEIF                              00000004
F                                 00000001
FOUR                              0000014F
FSR                               00000004
GIE                               00000007
I10P0i5                           00000128
I1P5                              0000012E
I2P2                              0000013A
I3P2i5                            00000122
I9P5                              00000134
INDF                              00000000
INTCON                            0000000B
INTE                              00000004
INTEDG                            00000006
INTF                              00000001
IRP                               00000007
MAIN                              0000010B
NOT_PD                            00000003
NOT_RBPU                          00000007
NOT_TO                            00000004
ONE                               00000142
OPTION_REG                        00000081
PAUSE                             0000014A
PCL                               00000002
PCLATH                            0000000A
PORTA                             00000005
PORTB                             00000006
PS0                               00000000
PS1                               00000001
PS2                               00000002
PSA                               00000003
PULS                              00000140
RBIE                              00000003
RBIF                              00000000
RD                                00000000
RP0                               00000005
RP1                               00000006
STATUS                            00000003
T0CS                              00000005
T0IE                              00000005
T0IF                              00000002
T0SE                              00000004
MPASM 02.80 Released            LAB10.ASM   10-12-2010  21:31:33         PAGE  5


SYMBOL TABLE
  LABEL                             VALUE 

T1                                0000000C
T2                                0000000D
T3                                0000000E
THREE                             0000014C
TMR0                              00000001
TRISA                             00000085
TRISB                             00000086
TWO                               00000146
W                                 00000000
WR                                00000001
WREN                              00000002
WRERR                             00000003
Z                                 00000002
_CP_OFF                           00003FFF
_CP_ON                            0000000F
_HS_OSC                           00003FFE
_LP_OSC                           00003FFC
_PWRTE_OFF                        00003FFF
_PWRTE_ON                         00003FF7
_RC_OSC                           00003FFF
_WDT_OFF                          00003FFB
_WDT_ON                           00003FFF
_XT_OSC                           00003FFD
__16F84                           00000001


MEMORY USAGE MAP ('X' = Used,  '-' = Unused)

0000 : X--------------- ---------------- ---------------- ----------------
0100 : XXXXXXXXXXXXXXXX XXXXXXXXXXXXXXXX XXXXXXXXXXXXXXXX XXXXXXXXXXXXXXXX
0140 : XXXXXXXXXXXXXXXX XXXXXX---------- ---------------- ----------------

All other memory blocks unused.

Program Memory Words Used:    87
Program Memory Words Free:   937


Errors   :     0
Warnings :     0 reported,     0 suppressed
Messages :     2 reported,     0 suppressed

