MPASM 02.80 Released             LAB5.ASM   3-10-2009  15:00:55         PAGE  1


LOC  OBJECT CODE     LINE SOURCE TEXT
  VALUE

                      00001 #include<p16f84.inc>
                      00001         LIST
                      00002 ; P16F84.INC  Standard Header File, Version 2.00    Microchip Technology, Inc.
                      00136         LIST
0000                  00002  ORG 0
0000   2900           00003  GOTO BEGIN
0100                  00004  ORG 100h
0100                  00005 BEGIN
                      00006 
Warning[207]: Found label after column 1. (SCRATCH)
  0000000C            00007  SCRATCH EQU 0Ch
                      00008 
0100   1283           00009  BCF STATUS,RP0
0101   0186           00010  CLRF PORTB
0102   3000           00011  MOVLW B'00000000'
0103   1683           00012  BSF STATUS,RP0
Message[302]: Register in operand not in bank 0.  Ensure that bank bits are correct.
0104   0086           00013  MOVWF TRISB
0105   1283           00014  BCF STATUS,RP0
                      00015 
0106   3000           00016  MOVLW 0h
0107   0086           00017  MOVWF PORTB
0108   30FF           00018  MOVLW D'255'
0109   008C           00019  MOVWF SCRATCH
010A   3003           00020  MOVLW D'3'
                      00021 
010B                  00022 M1
010B   0A86           00023  INCF PORTB,1 
010C   028C           00024  SUBWF SCRATCH,1
010D   1D03           00025  BTFSS STATUS,Z
Warning[203]: Found opcode in column 1. (GOTO)
010E   290B           00026 GOTO M1
010F                  00027 LOOP
010F   290F           00028  GOTO LOOP
                      00029  END
MPASM 02.80 Released             LAB5.ASM   3-10-2009  15:00:55         PAGE  2


SYMBOL TABLE
  LABEL                             VALUE 

BEGIN                             00000100
C                                 00000000
DC                                00000001
EEADR                             00000009
EECON1                            00000088
EECON2                            00000089
EEDATA                            00000008
EEIE                              00000006
EEIF                              00000004
F                                 00000001
FSR                               00000004
GIE                               00000007
INDF                              00000000
INTCON                            0000000B
INTE                              00000004
INTEDG                            00000006
INTF                              00000001
IRP                               00000007
LOOP                              0000010F
M1                                0000010B
NOT_PD                            00000003
NOT_RBPU                          00000007
NOT_TO                            00000004
OPTION_REG                        00000081
PCL                               00000002
PCLATH                            0000000A
PORTA                             00000005
PORTB                             00000006
PS0                               00000000
PS1                               00000001
PS2                               00000002
PSA                               00000003
RBIE                              00000003
RBIF                              00000000
RD                                00000000
RP0                               00000005
RP1                               00000006
SCRATCH                           0000000C
STATUS                            00000003
T0CS                              00000005
T0IE                              00000005
T0IF                              00000002
T0SE                              00000004
TMR0                              00000001
TRISA                             00000085
TRISB                             00000086
W                                 00000000
WR                                00000001
WREN                              00000002
WRERR                             00000003
Z                                 00000002
_CP_OFF                           00003FFF
_CP_ON                            0000000F
MPASM 02.80 Released             LAB5.ASM   3-10-2009  15:00:55         PAGE  3


SYMBOL TABLE
  LABEL                             VALUE 

_HS_OSC                           00003FFE
_LP_OSC                           00003FFC
_PWRTE_OFF                        00003FFF
_PWRTE_ON                         00003FF7
_RC_OSC                           00003FFF
_WDT_OFF                          00003FFB
_WDT_ON                           00003FFF
_XT_OSC                           00003FFD
__16F84                           00000001


MEMORY USAGE MAP ('X' = Used,  '-' = Unused)

0000 : X--------------- ---------------- ---------------- ----------------
0100 : XXXXXXXXXXXXXXXX ---------------- ---------------- ----------------

All other memory blocks unused.

Program Memory Words Used:    17
Program Memory Words Free:  1007


Errors   :     0
Warnings :     2 reported,     0 suppressed
Messages :     1 reported,     0 suppressed

