MPASM 02.80 Released             LAB9.ASM   10-8-2010  22:37:17         PAGE  1


LOC  OBJECT CODE     LINE SOURCE TEXT
  VALUE

                      00001 #include<p16f84.inc>
                      00001         LIST
                      00002 ; P16F84.INC  Standard Header File, Version 2.00    Microchip Technology, Inc.
                      00136         LIST
0000                  00002  ORG 0
0000   2900           00003  GOTO BEGIN
0100                  00004  ORG 100h
0100                  00005 BEGIN
                      00006 
  0000000C            00007 SCRATCH EQU 0Ch
  0000000D            00008 DIGIT EQU 0Dh
  0000000E            00009 REG EQU 0Eh
                      00010 
0100   1283           00011  BCF STATUS,RP0
0101   0186           00012  CLRF PORTB
0102   3000           00013  MOVLW B'00000000'
0103   1683           00014  BSF STATUS,RP0
Message[302]: Register in operand not in bank 0.  Ensure that bank bits are correct.
0104   0086           00015  MOVWF TRISB
                      00016 
0105   1283           00017  BCF STATUS,RP0
0106   0185           00018  CLRF PORTA
0107   301F           00019  MOVLW B'11111'
0108   1683           00020  BSF STATUS,RP0
Message[302]: Register in operand not in bank 0.  Ensure that bank bits are correct.
0109   0085           00021  MOVWF TRISA
010A   1283           00022  BCF STATUS,RP0
                      00023 
010B                  00024 MAIN
010B   0805           00025  MOVF PORTA,0
010C   008C           00026  MOVWF SCRATCH
010D   3010           00027  MOVLW B'10000'
010E   068C           00028  XORWF SCRATCH,1    ;проверка кода
010F   1903           00029  BTFSC STATUS,Z
0110   2913           00030  GOTO TRUE          ;код верен
0111   2916           00031  GOTO FALSE         ;код не верен
0112   290B           00032  GOTO MAIN
                      00033  
0113                  00034 TRUE
0113   30FF           00035  MOVLW B'11111111'
0114   0086           00036  MOVWF PORTB
0115   290B           00037  GOTO MAIN
                      00038 
0116                  00039 FALSE          ;бегущий огонёк
0116   3003           00040  MOVLW B'00000011'
0117   0086           00041  MOVWF PORTB
0118   3007           00042  MOVLW 07h
0119   008E           00043  MOVWF REG
011A                  00044 LOOP
011A   2124           00045  CALL PAUSE
011B   1403           00046  BSF STATUS,0
011C   0B8E           00047  DECFSZ REG,1
011D   1003           00048  BCF STATUS,0
MPASM 02.80 Released             LAB9.ASM   10-8-2010  22:37:17         PAGE  2


LOC  OBJECT CODE     LINE SOURCE TEXT
  VALUE

011E   0D86           00049  RLF PORTB,1
011F   3001           00050  MOVLW 01h
0120   060E           00051  XORWF REG,0
0121   1903           00052  BTFSC STATUS,Z
0122   2916           00053  GOTO FALSE
0123   291A           00054  GOTO LOOP
                      00055 
0124                  00056 PAUSE
0124   30FF           00057  MOVLW D'255'
0125   008D           00058  MOVWF DIGIT
0126                  00059 ONE
0126   30FF           00060  MOVLW D'255'
0127   008C           00061  MOVWF SCRATCH
0128                  00062 TWO
0128   0B8C           00063  DECFSZ SCRATCH,1
0129   2928           00064  GOTO TWO
012A   0B8D           00065  DECFSZ DIGIT,1
012B   2926           00066  GOTO ONE
012C   0008           00067  RETURN
                      00068 
                      00069  END
MPASM 02.80 Released             LAB9.ASM   10-8-2010  22:37:17         PAGE  3


SYMBOL TABLE
  LABEL                             VALUE 

BEGIN                             00000100
C                                 00000000
DC                                00000001
DIGIT                             0000000D
EEADR                             00000009
EECON1                            00000088
EECON2                            00000089
EEDATA                            00000008
EEIE                              00000006
EEIF                              00000004
F                                 00000001
FALSE                             00000116
FSR                               00000004
GIE                               00000007
INDF                              00000000
INTCON                            0000000B
INTE                              00000004
INTEDG                            00000006
INTF                              00000001
IRP                               00000007
LOOP                              0000011A
MAIN                              0000010B
NOT_PD                            00000003
NOT_RBPU                          00000007
NOT_TO                            00000004
ONE                               00000126
OPTION_REG                        00000081
PAUSE                             00000124
PCL                               00000002
PCLATH                            0000000A
PORTA                             00000005
PORTB                             00000006
PS0                               00000000
PS1                               00000001
PS2                               00000002
PSA                               00000003
RBIE                              00000003
RBIF                              00000000
RD                                00000000
REG                               0000000E
RP0                               00000005
RP1                               00000006
SCRATCH                           0000000C
STATUS                            00000003
T0CS                              00000005
T0IE                              00000005
T0IF                              00000002
T0SE                              00000004
TMR0                              00000001
TRISA                             00000085
TRISB                             00000086
TRUE                              00000113
TWO                               00000128
MPASM 02.80 Released             LAB9.ASM   10-8-2010  22:37:17         PAGE  4


SYMBOL TABLE
  LABEL                             VALUE 

W                                 00000000
WR                                00000001
WREN                              00000002
WRERR                             00000003
Z                                 00000002
_CP_OFF                           00003FFF
_CP_ON                            0000000F
_HS_OSC                           00003FFE
_LP_OSC                           00003FFC
_PWRTE_OFF                        00003FFF
_PWRTE_ON                         00003FF7
_RC_OSC                           00003FFF
_WDT_OFF                          00003FFB
_WDT_ON                           00003FFF
_XT_OSC                           00003FFD
__16F84                           00000001


MEMORY USAGE MAP ('X' = Used,  '-' = Unused)

0000 : X--------------- ---------------- ---------------- ----------------
0100 : XXXXXXXXXXXXXXXX XXXXXXXXXXXXXXXX XXXXXXXXXXXXX--- ----------------

All other memory blocks unused.

Program Memory Words Used:    46
Program Memory Words Free:   978


Errors   :     0
Warnings :     0 reported,     0 suppressed
Messages :     2 reported,     0 suppressed

